------------------------------------------------------------
Timing Analyzer Summary
------------------------------------------------------------

Type  : Slow 1100mV 85C Model Setup 'clk'
Slack : -0.202
TNS   : -0.240

Type  : Slow 1100mV 85C Model Hold 'clk'
Slack : 0.382
TNS   : 0.000

Type  : Slow 1100mV 85C Model Minimum Pulse Width 'clk'
Slack : -0.724
TNS   : -3.322

Type  : Slow 1100mV 0C Model Setup 'clk'
Slack : -0.203
TNS   : -0.214

Type  : Slow 1100mV 0C Model Hold 'clk'
Slack : 0.371
TNS   : 0.000

Type  : Slow 1100mV 0C Model Minimum Pulse Width 'clk'
Slack : -0.724
TNS   : -3.391

Type  : Fast 1100mV 85C Model Setup 'clk'
Slack : 0.481
TNS   : 0.000

Type  : Fast 1100mV 85C Model Hold 'clk'
Slack : 0.169
TNS   : 0.000

Type  : Fast 1100mV 85C Model Minimum Pulse Width 'clk'
Slack : -0.082
TNS   : -0.244

Type  : Fast 1100mV 0C Model Setup 'clk'
Slack : 0.503
TNS   : 0.000

Type  : Fast 1100mV 0C Model Hold 'clk'
Slack : 0.157
TNS   : 0.000

Type  : Fast 1100mV 0C Model Minimum Pulse Width 'clk'
Slack : -0.083
TNS   : -0.249

------------------------------------------------------------
