Info: Start Nativelink Simulation process

========= EDA Simulation Settings =====================

Sim Mode              :  Gate
Family                :  cyclonev
Quartus root          :  c:/intelfpga_lite/18.0/quartus/bin64/
Quartus sim root      :  c:/intelfpga_lite/18.0/quartus/eda/sim_lib
Simulation Tool       :  modelsim-altera
Simulation Language   :  verilog
Simulation Mode       :  GUI
Sim Output File       :  pa.vo
Sim SDF file          :  pa__verilog.sdo
Sim dir               :  simulation\modelsim

=======================================================

Info: Starting NativeLink simulation with ModelSim-Altera software
Sourced NativeLink script c:/intelfpga_lite/18.0/quartus/common/tcl/internal/nativelink/modelsim.tcl
Warning: File pa_run_msim_gate_verilog.do already exists - backing up current file as pa_run_msim_gate_verilog.do.bak
Probing transcript
ModelSim-Altera Info: # Reading C:/intelFPGA_lite/18.0/modelsim_ase/tcl/vsim/pref.tcl
ModelSim-Altera Info: # ERROR: No extended dataflow license exists
ModelSim-Altera Info: # do pa_run_msim_gate_verilog.do
ModelSim-Altera Info: # if {[file exists gate_work]} {
ModelSim-Altera Info: # 	vdel -lib gate_work -all
ModelSim-Altera Info: # }
ModelSim-Altera Info: # vlib gate_work
ModelSim-Altera Info: # vmap work gate_work
ModelSim-Altera Info: # Model Technology ModelSim - Intel FPGA Edition vmap 10.5b Lib Mapping Utility 2016.10 Oct  5 2016
ModelSim-Altera Info: # vmap work gate_work 
ModelSim-Altera Info: # Copying C:/intelFPGA_lite/18.0/modelsim_ase/win32aloem/../modelsim.ini to modelsim.ini
ModelSim-Altera Info: # Modifying modelsim.ini
ModelSim-Altera Info: # 
ModelSim-Altera Info: # vlog -vlog01compat -work work +incdir+. {pa.vo}
ModelSim-Altera Info: # Model Technology ModelSim - Intel FPGA Edition vlog 10.5b Compiler 2016.10 Oct  5 2016
ModelSim-Altera Info: # Start time: 14:33:13 on Jul 06,2023
ModelSim-Altera Info: # vlog -reportprogress 300 -vlog01compat -work work "+incdir+." pa.vo 
ModelSim-Altera Info: # -- Compiling module pa
ModelSim-Altera Info: # 
ModelSim-Altera Info: # Top level modules:
ModelSim-Altera Info: # 	pa
ModelSim-Altera Info: # End time: 14:33:13 on Jul 06,2023, Elapsed time: 0:00:00
ModelSim-Altera Info: # Errors: 0, Warnings: 0
ModelSim-Altera Info: # 
ModelSim-Altera Info: # vlog -vlog01compat -work work +incdir+C:/intelFPGA_lite/18.0/my_designs/pa {C:/intelFPGA_lite/18.0/my_designs/pa/tb.v}
ModelSim-Altera Info: # Model Technology ModelSim - Intel FPGA Edition vlog 10.5b Compiler 2016.10 Oct  5 2016
ModelSim-Altera Info: # Start time: 14:33:13 on Jul 06,2023
ModelSim-Altera Info: # vlog -reportprogress 300 -vlog01compat -work work "+incdir+C:/intelFPGA_lite/18.0/my_designs/pa" C:/intelFPGA_lite/18.0/my_designs/pa/tb.v 
ModelSim-Altera Info: # -- Compiling module tb
ModelSim-Altera Info: # 
ModelSim-Altera Info: # Top level modules:
ModelSim-Altera Info: # 	tb
ModelSim-Altera Info: # End time: 14:33:13 on Jul 06,2023, Elapsed time: 0:00:00
ModelSim-Altera Info: # Errors: 0, Warnings: 0
ModelSim-Altera Info: # 
ModelSim-Altera Info: # vsim -t 1ps +transport_int_delays +transport_path_delays -L altera_ver -L altera_lnsim_ver -L cyclonev_ver -L lpm_ver -L sgate_ver -L cyclonev_hssi_ver -L altera_mf_ver -L cyclonev_pcie_hip_ver -L gate_work -L work -voptargs="+acc"  tb
ModelSim-Altera Info: # vsim -t 1ps "+transport_int_delays" "+transport_path_delays" -L altera_ver -L altera_lnsim_ver -L cyclonev_ver -L lpm_ver -L sgate_ver -L cyclonev_hssi_ver -L altera_mf_ver -L cyclonev_pcie_hip_ver -L gate_work -L work -voptargs=""+acc"" tb 
ModelSim-Altera Info: # Start time: 14:33:13 on Jul 06,2023
ModelSim-Altera Info: # Loading work.tb
ModelSim-Altera Info: # Loading work.pa
ModelSim-Altera Info: # Loading cyclonev_ver.cyclonev_io_obuf
ModelSim-Altera Info: # Loading cyclonev_ver.cyclonev_io_ibuf
ModelSim-Altera Info: # Loading cyclonev_ver.cyclonev_clkena
ModelSim-Altera Info: # Loading cyclonev_ver.cyclonev_lcell_comb
ModelSim-Altera Info: # Loading altera_ver.dffeas
ModelSim-Altera Info: # Loading altera_ver.PRIM_GDFF_LOW
ModelSim-Altera Info: # 
ModelSim-Altera Info: # add wave *
ModelSim-Altera Warning: # ** Warning: (vsim-WLF-5000) WLF file currently in use: vsim.wlf
ModelSim-Altera Info: #           File in use by: Ellie  Hostname: DESKTOP-2JKGPNF  ProcessID: 24800
ModelSim-Altera Info: #           Attempting to use alternate WLF file "./wlftzc6yva".
ModelSim-Altera Warning: # ** Warning: (vsim-WLF-5001) Could not open WLF file: vsim.wlf
ModelSim-Altera Info: #           Using alternate file: ./wlftzc6yva
ModelSim-Altera Info: # view structure
ModelSim-Altera Info: # .main_pane.structure.interior.cs.body.struct
ModelSim-Altera Info: # view signals
ModelSim-Altera Info: # .main_pane.objects.interior.cs.body.tree
ModelSim-Altera Info: # run -all
ModelSim-Altera Info: # Break key hit
ModelSim-Altera Info: # Break at an unknown location
ModelSim-Altera Info: # End time: 14:39:37 on Jul 06,2023, Elapsed time: 0:06:24
ModelSim-Altera Info: # Errors: 0, Warnings: 2
Info: NativeLink simulation flow was successful
