------------------------------------------------------------
Timing Analyzer Summary
------------------------------------------------------------

Type  : Slow 1100mV 85C Model Setup 'clk'
Slack : -2.224
TNS   : -54.952

Type  : Slow 1100mV 85C Model Hold 'clk'
Slack : 0.515
TNS   : 0.000

Type  : Slow 1100mV 85C Model Minimum Pulse Width 'clk'
Slack : -0.724
TNS   : -35.408

Type  : Slow 1100mV 0C Model Setup 'clk'
Slack : -2.469
TNS   : -60.984

Type  : Slow 1100mV 0C Model Hold 'clk'
Slack : 0.532
TNS   : 0.000

Type  : Slow 1100mV 0C Model Minimum Pulse Width 'clk'
Slack : -0.724
TNS   : -35.534

Type  : Fast 1100mV 85C Model Setup 'clk'
Slack : -0.280
TNS   : -3.211

Type  : Fast 1100mV 85C Model Hold 'clk'
Slack : 0.200
TNS   : 0.000

Type  : Fast 1100mV 85C Model Minimum Pulse Width 'clk'
Slack : -0.085
TNS   : -2.692

Type  : Fast 1100mV 0C Model Setup 'clk'
Slack : -0.261
TNS   : -2.829

Type  : Fast 1100mV 0C Model Hold 'clk'
Slack : 0.190
TNS   : 0.000

Type  : Fast 1100mV 0C Model Minimum Pulse Width 'clk'
Slack : -0.084
TNS   : -2.656

------------------------------------------------------------
