Info: Start Nativelink Simulation process

========= EDA Simulation Settings =====================

Sim Mode              :  Gate
Family                :  cyclonev
Quartus root          :  c:/intelfpga_lite/18.0/quartus/bin64/
Quartus sim root      :  c:/intelfpga_lite/18.0/quartus/eda/sim_lib
Simulation Tool       :  modelsim-altera
Simulation Language   :  verilog
Simulation Mode       :  GUI
Sim Output File       :  peak_detection.vo
Sim SDF file          :  peak_detection__verilog.sdo
Sim dir               :  simulation\modelsim

=======================================================

Info: Starting NativeLink simulation with ModelSim-Altera software
Sourced NativeLink script c:/intelfpga_lite/18.0/quartus/common/tcl/internal/nativelink/modelsim.tcl
Warning: File peak_detection_run_msim_gate_verilog.do already exists - backing up current file as peak_detection_run_msim_gate_verilog.do.bak5
Probing transcript
ModelSim-Altera Info: # Reading C:/intelFPGA_lite/18.0/modelsim_ase/tcl/vsim/pref.tcl
ModelSim-Altera Info: # ERROR: No extended dataflow license exists
ModelSim-Altera Info: # do peak_detection_run_msim_gate_verilog.do
ModelSim-Altera Info: # if {[file exists gate_work]} {
ModelSim-Altera Info: # 	vdel -lib gate_work -all
ModelSim-Altera Info: # }
ModelSim-Altera Info: # vlib gate_work
ModelSim-Altera Info: # vmap work gate_work
ModelSim-Altera Info: # Model Technology ModelSim - Intel FPGA Edition vmap 10.5b Lib Mapping Utility 2016.10 Oct  5 2016
ModelSim-Altera Info: # vmap work gate_work 
ModelSim-Altera Info: # Copying C:/intelFPGA_lite/18.0/modelsim_ase/win32aloem/../modelsim.ini to modelsim.ini
ModelSim-Altera Info: # Modifying modelsim.ini
ModelSim-Altera Info: # 
ModelSim-Altera Info: # vlog -vlog01compat -work work +incdir+. {peak_detection.vo}
ModelSim-Altera Info: # Model Technology ModelSim - Intel FPGA Edition vlog 10.5b Compiler 2016.10 Oct  5 2016
ModelSim-Altera Info: # Start time: 10:53:49 on Aug 03,2023
ModelSim-Altera Info: # vlog -reportprogress 300 -vlog01compat -work work "+incdir+." peak_detection.vo 
ModelSim-Altera Info: # -- Compiling module peak_detection
ModelSim-Altera Info: # 
ModelSim-Altera Info: # Top level modules:
ModelSim-Altera Info: # 	peak_detection
ModelSim-Altera Info: # End time: 10:53:49 on Aug 03,2023, Elapsed time: 0:00:00
ModelSim-Altera Info: # Errors: 0, Warnings: 0
ModelSim-Altera Info: # 
ModelSim-Altera Info: # vlog -vlog01compat -work work +incdir+C:/intelFPGA_lite/18.0/my_designs/peak_detection {C:/intelFPGA_lite/18.0/my_designs/peak_detection/usr_testbench.v}
ModelSim-Altera Info: # Model Technology ModelSim - Intel FPGA Edition vlog 10.5b Compiler 2016.10 Oct  5 2016
ModelSim-Altera Info: # Start time: 10:53:49 on Aug 03,2023
ModelSim-Altera Info: # vlog -reportprogress 300 -vlog01compat -work work "+incdir+C:/intelFPGA_lite/18.0/my_designs/peak_detection" C:/intelFPGA_lite/18.0/my_designs/peak_detection/usr_testbench.v 
ModelSim-Altera Info: # -- Compiling module usr_testbench
ModelSim-Altera Info: # 
ModelSim-Altera Info: # Top level modules:
ModelSim-Altera Info: # 	usr_testbench
ModelSim-Altera Info: # End time: 10:53:49 on Aug 03,2023, Elapsed time: 0:00:00
ModelSim-Altera Info: # Errors: 0, Warnings: 0
ModelSim-Altera Info: # 
ModelSim-Altera Info: # vsim -t 1ps +transport_int_delays +transport_path_delays -L altera_ver -L altera_lnsim_ver -L cyclonev_ver -L lpm_ver -L sgate_ver -L cyclonev_hssi_ver -L altera_mf_ver -L cyclonev_pcie_hip_ver -L gate_work -L work -voptargs="+acc"  usr_testbench
ModelSim-Altera Info: # vsim -t 1ps "+transport_int_delays" "+transport_path_delays" -L altera_ver -L altera_lnsim_ver -L cyclonev_ver -L lpm_ver -L sgate_ver -L cyclonev_hssi_ver -L altera_mf_ver -L cyclonev_pcie_hip_ver -L gate_work -L work -voptargs=""+acc"" usr_testbench 
ModelSim-Altera Info: # Start time: 10:53:51 on Aug 03,2023
ModelSim-Altera Info: # Loading work.usr_testbench
ModelSim-Altera Info: # Loading work.peak_detection
ModelSim-Altera Info: # Loading cyclonev_ver.cyclonev_io_obuf
ModelSim-Altera Info: # Loading cyclonev_ver.cyclonev_io_ibuf
ModelSim-Altera Info: # Loading cyclonev_ver.cyclonev_clkena
ModelSim-Altera Info: # Loading altera_ver.dffeas
ModelSim-Altera Info: # Loading cyclonev_ver.cyclonev_lcell_comb
ModelSim-Altera Info: # Loading altera_ver.PRIM_GDFF_LOW
ModelSim-Altera Info: # 
ModelSim-Altera Info: # add wave *
ModelSim-Altera Warning: # ** Warning: (vsim-WLF-5000) WLF file currently in use: vsim.wlf
ModelSim-Altera Info: #           File in use by: Ellie  Hostname: DESKTOP-2JKGPNF  ProcessID: 21812
ModelSim-Altera Info: #           Attempting to use alternate WLF file "./wlftmf38sf".
ModelSim-Altera Warning: # ** Warning: (vsim-WLF-5001) Could not open WLF file: vsim.wlf
ModelSim-Altera Info: #           Using alternate file: ./wlftmf38sf
ModelSim-Altera Info: # view structure
ModelSim-Altera Info: # .main_pane.structure.interior.cs.body.struct
ModelSim-Altera Info: # view signals
ModelSim-Altera Info: # .main_pane.objects.interior.cs.body.tree
ModelSim-Altera Info: # run -all
ModelSim-Altera Info: # Break key hit
ModelSim-Altera Info: # Break in Module cyclonev_io_ibuf at /build/swbuild/SJ/nightly/18.0std/614/l64/work/modelsim/eda/sim_lib/cyclonev_atoms.v line 1360
ModelSim-Altera Info: # End time: 10:58:28 on Aug 03,2023, Elapsed time: 0:04:37
ModelSim-Altera Info: # Errors: 0, Warnings: 2
Info: NativeLink simulation flow was successful
